19:16:12 **** Incremental Build of configuration Debug for project FreeRTOS_Binata ****
make -j12 all 
arm-none-eabi-size  FreeRTOS_Binata.elf 
   text	   data	    bss	    dec	    hex	filename
  57800	    472	  21584	  79856	  137f0	FreeRTOS_Binata.elf
Finished building: default.size.stdout
 
19:16:17 **** Incremental Build of configuration Debug for project FreeRTOS_Binata ****
make -j12 all 
arm-none-eabi-size  FreeRTOS_Binata.elf 
   text	   data	    bss	    dec	    hex	filename
  57800	    472	  21584	  79856	  137f0	FreeRTOS_Binata.elf
Finished building: default.size.stdout
 
19:19:06 **** Incremental Build of configuration Debug for project FreeRTOS_Binata ****
make -j12 all 
arm-none-eabi-size  FreeRTOS_Binata.elf 
   text	   data	    bss	    dec	    hex	filename
  57800	    472	  21584	  79856	  137f0	FreeRTOS_Binata.elf
Finished building: default.size.stdout
 
19:20:16 **** Incremental Build of configuration Debug for project FreeRTOS_Binata ****
make -j12 all 
arm-none-eabi-size  FreeRTOS_Binata.elf 
   text	   data	    bss	    dec	    hex	filename
  57800	    472	  21584	  79856	  137f0	FreeRTOS_Binata.elf
Finished building: default.size.stdout
 
19:21:40 **** Incremental Build of configuration Debug for project FreeRTOS_Binata ****
make -j12 all 
arm-none-eabi-size  FreeRTOS_Binata.elf 
   text	   data	    bss	    dec	    hex	filename
  57800	    472	  21584	  79856	  137f0	FreeRTOS_Binata.elf
Finished building: default.size.stdout
 
19:28:15 **** Incremental Build of configuration Debug for project FreeRTOS_Binata ****
make -j12 all 
arm-none-eabi-size  FreeRTOS_Binata.elf 
   text	   data	    bss	    dec	    hex	filename
  57800	    472	  21584	  79856	  137f0	FreeRTOS_Binata.elf
Finished building: default.size.stdout
 
